# CVS $Revision: $ $Author: $ -- Mon Feb 22 22:56:28 2016 -- reformated by PCGen PrettyLST v6.06.00

# Ability Name						Unique Key							SORTKEY		Category of Ability		Type										Visible		Restricted Ability								Multiple Requirements																							Define																																																																																																										Define Stat							Description																																																													Template				Ability																																																																																		Bonus Ability Pool						Bonus to HP			Stat bonus				Modify VAR																																																																																																																												Vision					Cost		Source Page		Aspects
IntimidationSTR	CATEGORY:Skill		TYPE:Skill Proficiency.Strength	!PRECSKILL:1,IntimidationSTR	BONUS:VAR|SkillProf_IntimidationSTR|Proficiency_Bonus|TYPE=Class	CSKILL:IntimidationSTR
IntimidationSTR	CATEGORY:SkillExport	TYPE:SkillExport	VISIBLE:EXPORT	DEFINE:SKILL_IntimidationSTR|0	DEFINE:SkillProf_IntimidationSTR|0		BONUS:VAR|SKILL_IntimidationSTR|STR+SkillProf_IntimidationSTR		ASPECT:KEYSTAT|STR	ASPECT:AbilityMod|%1|STR	ASPECT:Total|%1|SKILL_IntimidationSTR	ASPECT:ProfBonus|%1|SkillProf_IntimidationSTR
IntimidationSTR	KEY:Expertise ~ Intimidation STR		CATEGORY:Special Ability	TYPE:Expertise	PREABILITY:1,CATEGORY=Skill,IntimidationSTR					BONUS:VAR|SkillProf_IntimidationSTR|Proficiency_Bonus|TYPE=Expertise

Soldier		SORTKEY:Background_1	KEY:Background ~ Soldier				CATEGORY:Special Ability	TYPE:Background.Background Selection.SpecialQuality	DESC:Equipment: An insignia of rank, a trophy taken from a fallen enemy (a dagger, broken blade, or piece of a banner), a set of bone dice or deck of cards, a set of common clothes, and a belt pouch containing 10 gp	DESC:Gain Athletics & Intimidation as class skills.											TEMPLATE:Background Equipment ~ Soldier		ABILITY:Internal|AUTOMATIC|Background Characteristics ~ Soldier	ABILITY:Background Feature|AUTOMATIC|Soldier ~ Military Rank|PREVAREQ:ReplacesBackgroundFeature,0	ABILITY:Internal|AUTOMATIC|Tool Proficiency ~ Vehicles (Land)	ABILITY:Skill|AUTOMATIC|Athletics|Intimidation|IntimidationSTR							BONUS:ABILITYPOOL|Soldier Specialty|1	BONUS:ABILITYPOOL|Gaming Set Proficiency|1										ASPECT:Skills Gained|Athletics & Intimidation & IntimidationSTR
